{
  "stripper": "gitlab-ci",
  "format": "generic",
  "signals": [
    {
      "severity": "error",
      "kind": "envelope_step_failure",
      "title": "",
      "location": null,
      "body": [
        "Job failed: exit code 17"
      ],
      "frames_collapsed": 0,
      "count": 0,
      "truncated": false,
      "metadata": {
        "exit_code": "17"
      }
    }
  ],
  "parser_events": []
}
