[
  {
    "severity": "error",
    "kind": "collection_error",
    "title": "ModuleNotFoundError: No module named 'nonexistent_module'",
    "location": {
      "file": "tests/test_imports.py",
      "line": 1,
      "column": null
    },
    "body": [
      "______________________ ERROR collecting tests/test_imports.py ______________________",
      "ImportError while importing test module '/path/tests/test_imports.py'.",
      "Hint: make sure your test modules/packages have valid Python names.",
      "Traceback:",
      "/usr/lib/python3.11/importlib/__init__.py:126: in import_module",
      "    return _bootstrap._gcd_import(name[level:], package, level)",
      "tests/test_imports.py:1: in \u003cmodule\u003e",
      "    import nonexistent_module",
      "E   ModuleNotFoundError: No module named 'nonexistent_module'"
    ],
    "frames": [
      {
        "file": "/usr/lib/python3.11/importlib/__init__.py",
        "line": 126,
        "function": "import_module",
        "vendor": false
      },
      {
        "file": "tests/test_imports.py",
        "line": 1,
        "function": "\u003cmodule\u003e",
        "vendor": false
      }
    ],
    "frames_collapsed": 0,
    "count": 0,
    "truncated": false
  }
]
