[
  {
    "severity": "error",
    "kind": "test_failure",
    "title": "expected 200, got 500",
    "location": {
      "file": "auth_test.go",
      "line": 42,
      "column": null
    },
    "body": [
      "    auth_test.go:42: expected 200, got 500",
      "--- FAIL: TestLogin (0.02s)",
      "FAIL"
    ],
    "frames_collapsed": 0,
    "count": 0,
    "truncated": false,
    "metadata": {
      "duration": "0.02s",
      "package": "example.com/auth",
      "test_id": "TestLogin"
    }
  }
]
