[
  {
    "severity": "error",
    "kind": "traceback",
    "title": "  File \"deep.py\", line 98, in nested_call",
    "location": null,
    "body": [
      "Traceback (most recent call last):",
      "  File \"deep.py\", line 1, in nested_call",
      "  File \"deep.py\", line 2, in nested_call",
      "  File \"deep.py\", line 3, in nested_call",
      "  File \"deep.py\", line 4, in nested_call",
      "  File \"deep.py\", line 5, in nested_call",
      "  File \"deep.py\", line 6, in nested_call",
      "  File \"deep.py\", line 7, in nested_call",
      "  File \"deep.py\", line 8, in nested_call",
      "  File \"deep.py\", line 9, in nested_call",
      "  File \"deep.py\", line 10, in nested_call",
      "  File \"deep.py\", line 11, in nested_call",
      "  File \"deep.py\", line 12, in nested_call",
      "  File \"deep.py\", line 13, in nested_call",
      "  File \"deep.py\", line 14, in nested_call",
      "  File \"deep.py\", line 15, in nested_call",
      "  File \"deep.py\", line 16, in nested_call",
      "  File \"deep.py\", line 17, in nested_call",
      "  File \"deep.py\", line 18, in nested_call",
      "  File \"deep.py\", line 19, in nested_call",
      "  File \"deep.py\", line 20, in nested_call",
      "  File \"deep.py\", line 21, in nested_call",
      "  File \"deep.py\", line 22, in nested_call",
      "  File \"deep.py\", line 23, in nested_call",
      "  File \"deep.py\", line 24, in nested_call",
      "  File \"deep.py\", line 25, in nested_call",
      "  File \"deep.py\", line 26, in nested_call",
      "  File \"deep.py\", line 27, in nested_call",
      "  File \"deep.py\", line 28, in nested_call",
      "  File \"deep.py\", line 29, in nested_call",
      "  File \"deep.py\", line 30, in nested_call",
      "  File \"deep.py\", line 31, in nested_call",
      "  File \"deep.py\", line 32, in nested_call",
      "  File \"deep.py\", line 33, in nested_call",
      "  File \"deep.py\", line 34, in nested_call",
      "  File \"deep.py\", line 35, in nested_call",
      "  File \"deep.py\", line 36, in nested_call",
      "  File \"deep.py\", line 37, in nested_call",
      "  File \"deep.py\", line 38, in nested_call",
      "  File \"deep.py\", line 39, in nested_call",
      "  File \"deep.py\", line 40, in nested_call",
      "  File \"deep.py\", line 41, in nested_call",
      "  File \"deep.py\", line 42, in nested_call",
      "  File \"deep.py\", line 43, in nested_call",
      "  File \"deep.py\", line 44, in nested_call",
      "  File \"deep.py\", line 45, in nested_call",
      "  File \"deep.py\", line 46, in nested_call",
      "  File \"deep.py\", line 47, in nested_call",
      "  File \"deep.py\", line 48, in nested_call",
      "  File \"deep.py\", line 49, in nested_call",
      "  File \"deep.py\", line 50, in nested_call",
      "  File \"deep.py\", line 51, in nested_call",
      "  File \"deep.py\", line 52, in nested_call",
      "  File \"deep.py\", line 53, in nested_call",
      "  File \"deep.py\", line 54, in nested_call",
      "  File \"deep.py\", line 55, in nested_call",
      "  File \"deep.py\", line 56, in nested_call",
      "  File \"deep.py\", line 57, in nested_call",
      "  File \"deep.py\", line 58, in nested_call",
      "  File \"deep.py\", line 59, in nested_call",
      "  File \"deep.py\", line 60, in nested_call",
      "  File \"deep.py\", line 61, in nested_call",
      "  File \"deep.py\", line 62, in nested_call",
      "  File \"deep.py\", line 63, in nested_call",
      "  File \"deep.py\", line 64, in nested_call",
      "  File \"deep.py\", line 65, in nested_call",
      "  File \"deep.py\", line 66, in nested_call",
      "  File \"deep.py\", line 67, in nested_call",
      "  File \"deep.py\", line 68, in nested_call",
      "  File \"deep.py\", line 69, in nested_call",
      "  File \"deep.py\", line 70, in nested_call",
      "  File \"deep.py\", line 71, in nested_call",
      "  File \"deep.py\", line 72, in nested_call",
      "  File \"deep.py\", line 73, in nested_call",
      "  File \"deep.py\", line 74, in nested_call",
      "  File \"deep.py\", line 75, in nested_call",
      "  File \"deep.py\", line 76, in nested_call",
      "  File \"deep.py\", line 77, in nested_call",
      "  File \"deep.py\", line 78, in nested_call",
      "  File \"deep.py\", line 79, in nested_call",
      "  File \"deep.py\", line 80, in nested_call",
      "  File \"deep.py\", line 81, in nested_call",
      "  File \"deep.py\", line 82, in nested_call",
      "  File \"deep.py\", line 83, in nested_call",
      "  File \"deep.py\", line 84, in nested_call",
      "  File \"deep.py\", line 85, in nested_call",
      "  File \"deep.py\", line 86, in nested_call",
      "  File \"deep.py\", line 87, in nested_call",
      "  File \"deep.py\", line 88, in nested_call",
      "  File \"deep.py\", line 89, in nested_call",
      "  File \"deep.py\", line 90, in nested_call",
      "  File \"deep.py\", line 91, in nested_call",
      "  File \"deep.py\", line 92, in nested_call",
      "  File \"deep.py\", line 93, in nested_call",
      "  File \"deep.py\", line 94, in nested_call",
      "  File \"deep.py\", line 95, in nested_call",
      "  File \"deep.py\", line 96, in nested_call",
      "  File \"deep.py\", line 97, in nested_call",
      "  File \"deep.py\", line 98, in nested_call",
      "... [block truncated]"
    ],
    "context": [
      "info: about to crash"
    ],
    "frames": [
      {
        "file": "deep.py",
        "line": 1,
        "function": "nested_call",
        "vendor": false
      },
      {
        "file": "deep.py",
        "line": 2,
        "function": "nested_call",
        "vendor": false
      },
      {
        "file": "deep.py",
        "line": 3,
        "function": "nested_call",
        "vendor": false
      },
      {
        "file": "deep.py",
        "line": 4,
        "function": "nested_call",
        "vendor": false
      },
      {
        "file": "deep.py",
        "line": 5,
        "function": "nested_call",
        "vendor": false
      },
      {
        "file": "deep.py",
        "line": 6,
        "function": "nested_call",
        "vendor": false
      },
      {
        "file": "deep.py",
        "line": 7,
        "function": "nested_call",
        "vendor": false
      },
      {
        "file": "deep.py",
        "line": 8,
        "function": "nested_call",
        "vendor": false
      },
      {
        "file": "deep.py",
        "line": 9,
        "function": "nested_call",
        "vendor": false
      },
      {
        "file": "deep.py",
        "line": 10,
        "function": "nested_call",
        "vendor": false
      },
      {
        "file": "deep.py",
        "line": 11,
        "function": "nested_call",
        "vendor": false
      },
      {
        "file": "deep.py",
        "line": 12,
        "function": "nested_call",
        "vendor": false
      },
      {
        "file": "deep.py",
        "line": 13,
        "function": "nested_call",
        "vendor": false
      },
      {
        "file": "deep.py",
        "line": 14,
        "function": "nested_call",
        "vendor": false
      },
      {
        "file": "deep.py",
        "line": 15,
        "function": "nested_call",
        "vendor": false
      },
      {
        "file": "deep.py",
        "line": 16,
        "function": "nested_call",
        "vendor": false
      },
      {
        "file": "deep.py",
        "line": 17,
        "function": "nested_call",
        "vendor": false
      },
      {
        "file": "deep.py",
        "line": 18,
        "function": "nested_call",
        "vendor": false
      },
      {
        "file": "deep.py",
        "line": 19,
        "function": "nested_call",
        "vendor": false
      },
      {
        "file": "deep.py",
        "line": 20,
        "function": "nested_call",
        "vendor": false
      },
      {
        "file": "deep.py",
        "line": 21,
        "function": "nested_call",
        "vendor": false
      },
      {
        "file": "deep.py",
        "line": 22,
        "function": "nested_call",
        "vendor": false
      },
      {
        "file": "deep.py",
        "line": 23,
        "function": "nested_call",
        "vendor": false
      },
      {
        "file": "deep.py",
        "line": 24,
        "function": "nested_call",
        "vendor": false
      },
      {
        "file": "deep.py",
        "line": 25,
        "function": "nested_call",
        "vendor": false
      },
      {
        "file": "deep.py",
        "line": 26,
        "function": "nested_call",
        "vendor": false
      },
      {
        "file": "deep.py",
        "line": 27,
        "function": "nested_call",
        "vendor": false
      },
      {
        "file": "deep.py",
        "line": 28,
        "function": "nested_call",
        "vendor": false
      },
      {
        "file": "deep.py",
        "line": 29,
        "function": "nested_call",
        "vendor": false
      },
      {
        "file": "deep.py",
        "line": 30,
        "function": "nested_call",
        "vendor": false
      },
      {
        "file": "deep.py",
        "line": 31,
        "function": "nested_call",
        "vendor": false
      },
      {
        "file": "deep.py",
        "line": 32,
        "function": "nested_call",
        "vendor": false
      },
      {
        "file": "deep.py",
        "line": 33,
        "function": "nested_call",
        "vendor": false
      },
      {
        "file": "deep.py",
        "line": 34,
        "function": "nested_call",
        "vendor": false
      },
      {
        "file": "deep.py",
        "line": 35,
        "function": "nested_call",
        "vendor": false
      },
      {
        "file": "deep.py",
        "line": 36,
        "function": "nested_call",
        "vendor": false
      },
      {
        "file": "deep.py",
        "line": 37,
        "function": "nested_call",
        "vendor": false
      },
      {
        "file": "deep.py",
        "line": 38,
        "function": "nested_call",
        "vendor": false
      },
      {
        "file": "deep.py",
        "line": 39,
        "function": "nested_call",
        "vendor": false
      },
      {
        "file": "deep.py",
        "line": 40,
        "function": "nested_call",
        "vendor": false
      },
      {
        "file": "deep.py",
        "line": 41,
        "function": "nested_call",
        "vendor": false
      },
      {
        "file": "deep.py",
        "line": 42,
        "function": "nested_call",
        "vendor": false
      },
      {
        "file": "deep.py",
        "line": 43,
        "function": "nested_call",
        "vendor": false
      },
      {
        "file": "deep.py",
        "line": 44,
        "function": "nested_call",
        "vendor": false
      },
      {
        "file": "deep.py",
        "line": 45,
        "function": "nested_call",
        "vendor": false
      },
      {
        "file": "deep.py",
        "line": 46,
        "function": "nested_call",
        "vendor": false
      },
      {
        "file": "deep.py",
        "line": 47,
        "function": "nested_call",
        "vendor": false
      },
      {
        "file": "deep.py",
        "line": 48,
        "function": "nested_call",
        "vendor": false
      },
      {
        "file": "deep.py",
        "line": 49,
        "function": "nested_call",
        "vendor": false
      },
      {
        "file": "deep.py",
        "line": 50,
        "function": "nested_call",
        "vendor": false
      },
      {
        "file": "deep.py",
        "line": 51,
        "function": "nested_call",
        "vendor": false
      },
      {
        "file": "deep.py",
        "line": 52,
        "function": "nested_call",
        "vendor": false
      },
      {
        "file": "deep.py",
        "line": 53,
        "function": "nested_call",
        "vendor": false
      },
      {
        "file": "deep.py",
        "line": 54,
        "function": "nested_call",
        "vendor": false
      },
      {
        "file": "deep.py",
        "line": 55,
        "function": "nested_call",
        "vendor": false
      },
      {
        "file": "deep.py",
        "line": 56,
        "function": "nested_call",
        "vendor": false
      },
      {
        "file": "deep.py",
        "line": 57,
        "function": "nested_call",
        "vendor": false
      },
      {
        "file": "deep.py",
        "line": 58,
        "function": "nested_call",
        "vendor": false
      },
      {
        "file": "deep.py",
        "line": 59,
        "function": "nested_call",
        "vendor": false
      },
      {
        "file": "deep.py",
        "line": 60,
        "function": "nested_call",
        "vendor": false
      },
      {
        "file": "deep.py",
        "line": 61,
        "function": "nested_call",
        "vendor": false
      },
      {
        "file": "deep.py",
        "line": 62,
        "function": "nested_call",
        "vendor": false
      },
      {
        "file": "deep.py",
        "line": 63,
        "function": "nested_call",
        "vendor": false
      },
      {
        "file": "deep.py",
        "line": 64,
        "function": "nested_call",
        "vendor": false
      },
      {
        "file": "deep.py",
        "line": 65,
        "function": "nested_call",
        "vendor": false
      },
      {
        "file": "deep.py",
        "line": 66,
        "function": "nested_call",
        "vendor": false
      },
      {
        "file": "deep.py",
        "line": 67,
        "function": "nested_call",
        "vendor": false
      },
      {
        "file": "deep.py",
        "line": 68,
        "function": "nested_call",
        "vendor": false
      },
      {
        "file": "deep.py",
        "line": 69,
        "function": "nested_call",
        "vendor": false
      },
      {
        "file": "deep.py",
        "line": 70,
        "function": "nested_call",
        "vendor": false
      },
      {
        "file": "deep.py",
        "line": 71,
        "function": "nested_call",
        "vendor": false
      },
      {
        "file": "deep.py",
        "line": 72,
        "function": "nested_call",
        "vendor": false
      },
      {
        "file": "deep.py",
        "line": 73,
        "function": "nested_call",
        "vendor": false
      },
      {
        "file": "deep.py",
        "line": 74,
        "function": "nested_call",
        "vendor": false
      },
      {
        "file": "deep.py",
        "line": 75,
        "function": "nested_call",
        "vendor": false
      },
      {
        "file": "deep.py",
        "line": 76,
        "function": "nested_call",
        "vendor": false
      },
      {
        "file": "deep.py",
        "line": 77,
        "function": "nested_call",
        "vendor": false
      },
      {
        "file": "deep.py",
        "line": 78,
        "function": "nested_call",
        "vendor": false
      },
      {
        "file": "deep.py",
        "line": 79,
        "function": "nested_call",
        "vendor": false
      },
      {
        "file": "deep.py",
        "line": 80,
        "function": "nested_call",
        "vendor": false
      },
      {
        "file": "deep.py",
        "line": 81,
        "function": "nested_call",
        "vendor": false
      },
      {
        "file": "deep.py",
        "line": 82,
        "function": "nested_call",
        "vendor": false
      },
      {
        "file": "deep.py",
        "line": 83,
        "function": "nested_call",
        "vendor": false
      },
      {
        "file": "deep.py",
        "line": 84,
        "function": "nested_call",
        "vendor": false
      },
      {
        "file": "deep.py",
        "line": 85,
        "function": "nested_call",
        "vendor": false
      },
      {
        "file": "deep.py",
        "line": 86,
        "function": "nested_call",
        "vendor": false
      },
      {
        "file": "deep.py",
        "line": 87,
        "function": "nested_call",
        "vendor": false
      },
      {
        "file": "deep.py",
        "line": 88,
        "function": "nested_call",
        "vendor": false
      },
      {
        "file": "deep.py",
        "line": 89,
        "function": "nested_call",
        "vendor": false
      },
      {
        "file": "deep.py",
        "line": 90,
        "function": "nested_call",
        "vendor": false
      },
      {
        "file": "deep.py",
        "line": 91,
        "function": "nested_call",
        "vendor": false
      },
      {
        "file": "deep.py",
        "line": 92,
        "function": "nested_call",
        "vendor": false
      },
      {
        "file": "deep.py",
        "line": 93,
        "function": "nested_call",
        "vendor": false
      },
      {
        "file": "deep.py",
        "line": 94,
        "function": "nested_call",
        "vendor": false
      },
      {
        "file": "deep.py",
        "line": 95,
        "function": "nested_call",
        "vendor": false
      },
      {
        "file": "deep.py",
        "line": 96,
        "function": "nested_call",
        "vendor": false
      },
      {
        "file": "deep.py",
        "line": 97,
        "function": "nested_call",
        "vendor": false
      },
      {
        "file": "deep.py",
        "line": 98,
        "function": "nested_call",
        "vendor": false
      }
    ],
    "frames_collapsed": 0,
    "count": 0,
    "truncated": false
  }
]
